==> spdx: every Go file carries the licence identifier
==> lint .
0 issues.
==> lint ./mask
0 issues.
==> forbidden: no name that turns masking off
=== RUN   TestForbiddenFlagsDoNotExist
--- PASS: TestForbiddenFlagsDoNotExist (0.00s)
=== RUN   TestForbiddenFlagsDoNotExist_SelfTestUnmaskAll
--- PASS: TestForbiddenFlagsDoNotExist_SelfTestUnmaskAll (0.00s)
PASS
ok  	github.com/Liarea/lazyslice/cmd/lazyslice	0.295s
==> unsafe-flags: no registered flag in cmd/lazyslice's command tree turns masking off or widens --unmask (self-test passed)
==> docs-check: docs/FLAGS.md, docs/KEYBINDINGS.md and docs/ERRORS.md match tools/docgen
go vet -tags integration ./...
go vet -tags 'integration torture' ./internal/invariants/...
==> vet-tagged: the integration and torture build tags compile and vet clean
==> go test .
ok  	github.com/Liarea/lazyslice/cmd/lazyslice	2.318s
ok  	github.com/Liarea/lazyslice/internal/classify	1.741s
ok  	github.com/Liarea/lazyslice/internal/config	1.557s
ok  	github.com/Liarea/lazyslice/internal/core	2.142s
ok  	github.com/Liarea/lazyslice/internal/discover	2.121s
ok  	github.com/Liarea/lazyslice/internal/discover/dockerctx	2.066s
ok  	github.com/Liarea/lazyslice/internal/discover/provision	4.750s
ok  	github.com/Liarea/lazyslice/internal/dsn	2.297s
ok  	github.com/Liarea/lazyslice/internal/emit	2.375s
?   	github.com/Liarea/lazyslice/internal/event	[no test files]
ok  	github.com/Liarea/lazyslice/internal/extract	2.510s
ok  	github.com/Liarea/lazyslice/internal/introspect	1.401s
?   	github.com/Liarea/lazyslice/internal/invariants	[no test files]
ok  	github.com/Liarea/lazyslice/internal/load	1.403s
ok  	github.com/Liarea/lazyslice/internal/load/ddl	1.195s
ok  	github.com/Liarea/lazyslice/internal/pg	1.407s
?   	github.com/Liarea/lazyslice/internal/pipeline	[no test files]
ok  	github.com/Liarea/lazyslice/internal/plan	1.601s
?   	github.com/Liarea/lazyslice/internal/ref	[no test files]
ok  	github.com/Liarea/lazyslice/internal/render	1.636s
ok  	github.com/Liarea/lazyslice/internal/repo	1.600s
ok  	github.com/Liarea/lazyslice/internal/testutil	1.332s
ok  	github.com/Liarea/lazyslice/internal/textsig	1.321s
ok  	github.com/Liarea/lazyslice/internal/transform	3.773s
ok  	github.com/Liarea/lazyslice/internal/tui	1.804s
ok  	github.com/Liarea/lazyslice/internal/verify	1.275s
ok  	github.com/Liarea/lazyslice/tools/docgen	1.381s
==> go test ./mask
ok  	github.com/Liarea/lazyslice/mask	13.091s
